<html>
<body>
<pre>
<h1>µVision Build Log</h1>
<h2>Tool Versions:</h2>
IDE-Version: ¦ÌVision V5.25.3.0
Copyright (C) 2018 ARM Ltd and ARM Germany GmbH. All rights reserved.
License Information: peitsan iiru, cqupt, LIC=----
 
Tool Versions:
Toolchain:       MDK-Lite  Version: 5.10.0.0
Toolchain Path:  F:\Program Files\Keil\ARM\ARMCC\Bin
C Compiler:      Armcc.exe V5.04 update 1 (build 49)
Assembler:       Armasm.exe V5.04 update 1 (build 49)
Linker/Locator:  ArmLink.exe V5.04 update 1 (build 49)
Library Manager: ArmAr.exe V5.04 update 1 (build 49)
Hex Converter:   FromElf.exe V5.04 update 1 (build 49)
CPU DLL:         SARMCM3.DLL V5.10.0.0
Dialog DLL:      DARMSTM.DLL V1.65.0.0
Target DLL:      STLink\ST-LINKIII-KEIL_SWO.dll V2.0.4.0_KEIL
Dialog DLL:      TARMSTM.DLL V1.64.0.0
 
<h2>Project:</h2>
a:\github\snipper\USER\USMART.uvprojx
Project File Date:  12/01/2023

<h2>Output:</h2>
*** Using Compiler 'V5.04 update 1 (build 49)', folder: 'F:\Program Files\Keil\ARM\ARMCC\Bin'
Build target 'Target 1'
compiling main.c...
main.c(46): warning:  #223-D: function "DELAY_Init" declared implicitly
  	DELAY_Init();//ÏÂÃæ¶¼ÊÇ³õÊ¼»¯º¯Êý
main.c(55): warning:  #167-D: argument of type "unsigned char *" is incompatible with parameter of type "char *"
  		OLED_ShowString(2, 1, buf);//×Ö·û´®ÏÔÊ¾
main.c(57): warning:  #167-D: argument of type "unsigned char *" is incompatible with parameter of type "char *"
  		OLED_ShowString(2, 3, buf);//×Ö·û´®ÏÔÊ¾
main.c(92): warning:  #167-D: argument of type "unsigned char *" is incompatible with parameter of type "char *"
  		OLED_ShowString(80, 1, buf);//×Ö·û´®ÏÔÊ¾
main.c(94): warning:  #167-D: argument of type "unsigned char *" is incompatible with parameter of type "char *"
  		OLED_ShowString(80, 3, buf);//×Ö·û´®ÏÔÊ¾
main.c(106): warning:  #167-D: argument of type "unsigned char *" is incompatible with parameter of type "char *"
  			OLED_ShowString(30, 6, buf);//×Ö·û´®ÏÔÊ¾
main.c(111): warning:  #167-D: argument of type "unsigned char *" is incompatible with parameter of type "char *"
  			OLED_ShowString(30, 6, buf);//×Ö·û´®ÏÔÊ¾
main.c: 7 warnings, 0 errors
assembling startup_stm32f10x_hd.s...
compiling delay.c...
compiling adc.c...
compiling core_cm3.c...
compiling usart.c...
compiling system_stm32f10x.c...
compiling misc.c...
compiling stm32f10x_gpio.c...
compiling Oled.c...
compiling sys.c...
compiling stm32f10x_flash.c...
compiling stm32f10x_it.c...
compiling stm32f10x_rcc.c...
compiling stm32f10x_fsmc.c...
compiling stm32f10x_tim.c...
compiling stm32f10x_usart.c...
compiling stm32f10x_adc.c...
compiling stm32f10x_dac.c...
compiling stm32f10x_dma.c...
compiling DTH11.c...
..\LIB\DTH11\DTH11.c(62): warning:  #68-D: integer conversion resulted in a change of sign
  	if(retry>45)  return -1;//³¬Ê±¼ì²â ½áÊø³ÌÐò
..\LIB\DTH11\DTH11.c: 1 warning, 0 errors
compiling Oled.c...
linking...
..\OBJ\ADC.axf: Warning: L6304W: Duplicate input file ..\obj\oled_1.o ignored.
Program Size: Code=7256 RO-data=1856 RW-data=52 ZI-data=1836  
Finished: 0 information, 1 warning and 0 error messages.
FromELF: creating hex file...
"..\OBJ\ADC.axf" - 0 Error(s), 9 Warning(s).

<h2>Software Packages used:</h2>

Package Vendor: Keil
                http://www.keil.com/pack/Keil.STM32F1xx_DFP.2.4.0.pack
                Keil.STM32F1xx_DFP.2.4.0
                STMicroelectronics STM32F1 Series Device Support, Drivers and Examples

<h2>Collection of Component include folders:</h2>
  .\RTE\_Target_1
  F:\keil5 MDK\Keil\STM32F1xx_DFP\2.4.0\Device\Include

<h2>Collection of Component Files used:</h2>
Build Time Elapsed:  00:00:02
</pre>
</body>
</html>
