<html>
<body>
<pre>
<h1>µVision Build Log</h1>
<h2>Tool Versions:</h2>
IDE-Version: ¦ÌVision V5.25.3.0
Copyright (C) 2018 ARM Ltd and ARM Germany GmbH. All rights reserved.
License Information: peitsan iiru, cqupt, LIC=----
 
Tool Versions:
Toolchain:       MDK-Lite  Version: 5.10.0.0
Toolchain Path:  F:\Program Files\Keil\ARM\ARMCC\Bin
C Compiler:      Armcc.exe V5.04 update 1 (build 49)
Assembler:       Armasm.exe V5.04 update 1 (build 49)
Linker/Locator:  ArmLink.exe V5.04 update 1 (build 49)
Library Manager: ArmAr.exe V5.04 update 1 (build 49)
Hex Converter:   FromElf.exe V5.04 update 1 (build 49)
CPU DLL:         SARMCM3.DLL V5.10.0.0
Dialog DLL:      DARMSTM.DLL V1.65.0.0
Target DLL:      STLink\ST-LINKIII-KEIL_SWO.dll V2.0.4.0_KEIL
Dialog DLL:      TARMSTM.DLL V1.64.0.0
 
<h2>Project:</h2>
a:\github\snipper\USER\USMART.uvprojx
Project File Date:  12/07/2023

<h2>Output:</h2>
*** Using Compiler 'V5.04 update 1 (build 49)', folder: 'F:\Program Files\Keil\ARM\ARMCC\Bin'
Build target 'Target 1'
compiling stm32f10x_gpio.c...
assembling startup_stm32f10x_hd.s...
compiling Oled.c...
compiling stm32f10x_rcc.c...
compiling core_cm3.c...
compiling system_stm32f10x.c...
compiling sys.c...
compiling main.c...
main.c(119): warning:  #167-D: argument of type "unsigned char *" is incompatible with parameter of type "char *"
  		OLED_ShowString(1, 1, buf);//×Ö·û´®ÏÔÊ¾
main.c(121): warning:  #167-D: argument of type "unsigned char *" is incompatible with parameter of type "char *"
  		OLED_ShowString(3, 1, buf);//×Ö·û´®ÏÔÊ¾
main.c(191): warning:  #167-D: argument of type "unsigned char *" is incompatible with parameter of type "char *"
  		OLED_ShowString(2, 1, buf);//×Ö·û´®ÏÔÊ¾
main.c(193): warning:  #167-D: argument of type "unsigned char *" is incompatible with parameter of type "char *"
  		OLED_ShowString(4, 1, buf);//×Ö·û´®ÏÔÊ¾
main.c(225): warning:  #167-D: argument of type "unsigned char *" is incompatible with parameter of type "char *"
  			OLED_ShowString(2, 1, buf);//×Ö·û´®ÏÔÊ¾
main.c(230): warning:  #167-D: argument of type "unsigned char *" is incompatible with parameter of type "char *"
  			OLED_ShowString(4, 1, buf);//×Ö·û´®ÏÔÊ¾
main.c(233): warning:  #1-D: last line of file ends without a newline
  }
main.c(100): warning:  #177-D: variable "temp" was declared but never referenced
  	u8 temp = 0, hum = 0, key_status;
main.c(100): warning:  #177-D: variable "hum" was declared but never referenced
  	u8 temp = 0, hum = 0, key_status;
main.c: 9 warnings, 0 errors
compiling misc.c...
compiling usart.c...
compiling delay.c...
compiling stm32f10x_it.c...
compiling stm32f10x_fsmc.c...
compiling adc.c...
compiling stm32f10x_flash.c...
compiling stm32f10x_tim.c...
compiling stm32f10x_usart.c...
compiling stm32f10x_dac.c...
compiling stm32f10x_adc.c...
compiling stm32f10x_dma.c...
compiling Oled.c...
compiling DTH11.c...
..\LIB\DTH11\DTH11.c(106): warning:  #1-D: last line of file ends without a newline
  }
..\LIB\DTH11\DTH11.c: 1 warning, 0 errors
compiling PWM.c...
linking...
..\OBJ\ADC.axf: Warning: L6304W: Duplicate input file ..\obj\oled_1.o ignored.
Program Size: Code=13564 RO-data=1856 RW-data=52 ZI-data=1836  
Finished: 0 information, 1 warning and 0 error messages.
FromELF: creating hex file...
"..\OBJ\ADC.axf" - 0 Error(s), 11 Warning(s).

<h2>Software Packages used:</h2>

Package Vendor: Keil
                http://www.keil.com/pack/Keil.STM32F1xx_DFP.2.4.0.pack
                Keil.STM32F1xx_DFP.2.4.0
                STMicroelectronics STM32F1 Series Device Support, Drivers and Examples

<h2>Collection of Component include folders:</h2>
  .\RTE\_Target_1
  F:\keil5 MDK\Keil\STM32F1xx_DFP\2.4.0\Device\Include

<h2>Collection of Component Files used:</h2>
Build Time Elapsed:  00:00:03
</pre>
</body>
</html>
